NAME:Aaden
NAME:Aarav
NAME:Aaron
NAME:Abdiel
NAME:Abdullah
NAME:Abel
NAME:Abraham
NAME:Abrahm
NAME:Abram
NAME:Ace
NAME:Adam
NAME:Adan
NAME:Aden
NAME:Aditya
NAME:Adonis
NAME:Adrian
NAME:Adriel
NAME:Adrien
NAME:Agustin
NAME:Ahmad
NAME:Ahmed
NAME:Aidan
NAME:Aiden
NAME:Aidyn
NAME:Alan
NAME:Albert
NAME:Alberto
NAME:Alden
NAME:Aldo
NAME:Alec
NAME:Alejandro
NAME:Alessandro
NAME:Alex
NAME:Alexander
NAME:Alexis
NAME:Alexzander
NAME:Alfie
NAME:Alfonso
NAME:Alfred
NAME:Alfredo
NAME:Ali
NAME:Alijah
NAME:Allan
NAME:Allen
NAME:Alonso
NAME:Alonzo
NAME:Alvaro
NAME:Alvin
NAME:Amare
NAME:Amari
NAME:Ameer
NAME:Amir
NAME:Amos
NAME:Anders
NAME:Anderson
NAME:Andre
NAME:Andres
NAME:Andrew
NAME:Andy
NAME:Angel
NAME:Angelo
NAME:Anthony
NAME:Antoine
NAME:Anton
NAME:Antonio
NAME:Apollo
NAME:Archer
NAME:Arden
NAME:Ari
NAME:Arian
NAME:Ariel
NAME:Arjun
NAME:Arlo
NAME:Armando
NAME:Armani
NAME:Arnav
NAME:Aron
NAME:Arthur
NAME:Arturo
NAME:Aryan
NAME:Asa
NAME:Asher
NAME:Ashton
NAME:Atticus
NAME:August
NAME:Augustine
NAME:Augustus
NAME:Augustus/gus
NAME:Austin
NAME:Austyn
NAME:Avery
NAME:Axel
NAME:Axton
NAME:Ayaan
NAME:Aydan
NAME:Ayden
NAME:Aydin
NAME:Barrett
NAME:Beau
NAME:Beckett
NAME:Beckham
NAME:Ben
NAME:Benjamin
NAME:Bennett
NAME:Benson
NAME:Bentlee
NAME:Bentley
NAME:Bently
NAME:Benton
NAME:Billy
NAME:Blaine
NAME:Blaise
NAME:Blake
NAME:Blaze
NAME:Bo
NAME:Bobby
NAME:Bodhi
NAME:Boone
NAME:Boston
NAME:Bowen
NAME:Braden
NAME:Bradley
NAME:Brady
NAME:Bradyn
NAME:Braeden
NAME:Braiden
NAME:Branden
NAME:Brandon
NAME:Branson
NAME:Brantley
NAME:Braxton
NAME:Brayan
NAME:Brayden
NAME:Braydon
NAME:Braylen
NAME:Braylon
NAME:Brecken
NAME:Brendan
NAME:Brenden
NAME:Brendon
NAME:Brennan
NAME:Brennen
NAME:Brent
NAME:Brentley
NAME:Brenton
NAME:Brett
NAME:Brian
NAME:Brice
NAME:Bridger
NAME:Briggs
NAME:Brock
NAME:Broderick
NAME:Brodie
NAME:Brody
NAME:Brogan
NAME:Bronson
NAME:Brooks
NAME:Bruce
NAME:Bruno
NAME:Bryan
NAME:Bryant
NAME:Bryce
NAME:Brycen
NAME:Bryson
NAME:Byron
NAME:Cade
NAME:Caden
NAME:Cael
NAME:Caiden
NAME:Cain
NAME:Cale
NAME:Caleb
NAME:Callan
NAME:Callen
NAME:Callum
NAME:Calvin
NAME:Camden
NAME:Camdyn
NAME:Cameron
NAME:Camilo
NAME:Camren
NAME:Camron
NAME:Camryn
NAME:Cannon
NAME:Carl
NAME:Carlos
NAME:Carmelo
NAME:Carson
NAME:Carter
NAME:Case
NAME:Casen
NAME:Casey
NAME:Cash
NAME:Cason
NAME:Cassius
NAME:Cayden
NAME:Cayson
NAME:Cedric
NAME:Cesar
NAME:Chace
NAME:Chad
NAME:Chaim
NAME:Chance
NAME:Chandler
NAME:Channing
NAME:Charles
NAME:Charlie
NAME:Chase
NAME:Chester
NAME:Chris
NAME:Christian
NAME:Christopher
NAME:Clarence
NAME:Clark
NAME:Clay
NAME:Clayton
NAME:Clinton
NAME:Cody
NAME:Cohen
NAME:Colby
NAME:Cole
NAME:Coleman
NAME:Colin
NAME:Collin
NAME:Colt
NAME:Colten
NAME:Colton
NAME:Conner
NAME:Connor
NAME:Conor
NAME:Conrad
NAME:Cooper
NAME:Corbin
NAME:Corey
NAME:Cory
NAME:Craig
NAME:Crew
NAME:Cristian
NAME:Cristopher
NAME:Crosby
NAME:Cruz
NAME:Cullen
NAME:Curtis
NAME:Cyrus
NAME:Dakota
NAME:Dallas
NAME:Dalton
NAME:Damari
NAME:Damarion
NAME:Damian
NAME:Damien
NAME:Damion
NAME:Damon
NAME:Dane
NAME:Dangelo
NAME:Daniel
NAME:Danny
NAME:Dante
NAME:Darian
NAME:Dariel
NAME:Darien
NAME:Dario
NAME:Darius
NAME:Darnell
NAME:Darrell
NAME:Darren
NAME:Darryl
NAME:Darwin
NAME:Davian
NAME:David
NAME:Davin
NAME:Davion
NAME:Davis
NAME:Davon
NAME:Dawson
NAME:Dax
NAME:Daxton
NAME:Dayton
NAME:Deacon
NAME:Dean
NAME:Deandre
NAME:Deangelo
NAME:Declan
NAME:Deegan
NAME:Demarcus
NAME:Demetrius
NAME:Dennis
NAME:Denzel
NAME:Deon
NAME:Derek
NAME:Derick
NAME:Derrick
NAME:Deshawn
NAME:Desmond
NAME:Devan
NAME:Devin
NAME:Devon
NAME:Dexter
NAME:Diego
NAME:Dillon
NAME:Dominic
NAME:Dominick
NAME:Dominik
NAME:Dominique
NAME:Donald
NAME:Donovan
NAME:Donte
NAME:Dorian
NAME:Douglas
NAME:Drake
NAME:Draven
NAME:Drew
NAME:Duncan
NAME:Dustin
NAME:Dwayne
NAME:Dylan
NAME:Ean
NAME:Easton
NAME:Eddie
NAME:Eden
NAME:Edgar
NAME:Edison
NAME:Eduardo
NAME:Edward
NAME:Edwin
NAME:Efrain
NAME:Eli
NAME:Elian
NAME:Elias
NAME:Elijah
NAME:Eliot
NAME:Eliseo
NAME:Elisha
NAME:Elliot
NAME:Elliott
NAME:Ellis
NAME:Emanuel
NAME:Emerson
NAME:Emery
NAME:Emiliano
NAME:Emilio
NAME:Emmanuel
NAME:Emmett
NAME:Emmitt
NAME:Emory
NAME:Enrique
NAME:Enzo
NAME:Eric
NAME:Erick
NAME:Erik
NAME:Ernest
NAME:Ernesto
NAME:Esteban
NAME:Ethan
NAME:Eugene
NAME:Evan
NAME:Everett
NAME:Ezekiel
NAME:Ezequiel
NAME:Ezra
NAME:Fabian
NAME:Felipe
NAME:Felix
NAME:Fernando
NAME:Finley
NAME:Finn
NAME:Finnegan
NAME:Fisher
NAME:Fletcher
NAME:Flynn
NAME:Foster
NAME:Francis
NAME:Francisco
NAME:Franco
NAME:Frank
NAME:Frank/lin
NAME:Frankie
NAME:Franklin
NAME:Freddy
NAME:Frederick
NAME:Gabriel
NAME:Gael
NAME:Gage
NAME:Gaige
NAME:Garrett
NAME:Gary
NAME:Gauge
NAME:Gavin
NAME:Gavyn
NAME:George
NAME:Gerald
NAME:Gerardo
NAME:Giancarlo
NAME:Gianni
NAME:Gibson
NAME:Gideon
NAME:Gilbert
NAME:Gilberto
NAME:Giovani
NAME:Giovanni
NAME:Giovanny
NAME:Grady
NAME:Graeme
NAME:Graham
NAME:Grant
NAME:Graysen
NAME:Grayson
NAME:Gregory
NAME:Greyson
NAME:Griffin
NAME:Griffith
NAME:Guillermo
NAME:Gunnar
NAME:Gunner
NAME:Gustavo
NAME:Hamza
NAME:Hank
NAME:Harley
NAME:Harold
NAME:Harper
NAME:Harrison
NAME:Harry
NAME:Harvey
NAME:Hassan
NAME:Hayden
NAME:Hayes
NAME:Heath
NAME:Hector
NAME:Hendrix
NAME:Henry
NAME:Hezekiah
NAME:Holden
NAME:Houston
NAME:Howard
NAME:Hudson
NAME:Hugh
NAME:Hugo
NAME:Hunter
NAME:Ian
NAME:Ibrahim
NAME:Ignacio
NAME:Ike
NAME:Iker
NAME:Immanuel
NAME:Isaac
NAME:Isai
NAME:Isaiah
NAME:Isaias
NAME:Ishaan
NAME:Isiah
NAME:Ismael
NAME:Israel
NAME:Issac
NAME:Ivan
NAME:Izaiah
NAME:Izayah
NAME:Jabari
NAME:Jace
NAME:Jack
NAME:Jackson
NAME:Jacob
NAME:Jacoby
NAME:Jaden
NAME:Jadiel
NAME:Jadon
NAME:Jaeden
NAME:Jael
NAME:Jagger
NAME:Jaiden
NAME:Jaidyn
NAME:Jaime
NAME:Jairo
NAME:Jake
NAME:Jakob
NAME:Jalen
NAME:Jamal
NAME:Jamar
NAME:Jamari
NAME:Jamarion
NAME:James
NAME:Jameson
NAME:Jamie
NAME:Jamir
NAME:Jamison
NAME:Jared
NAME:Jarrett
NAME:Jase
NAME:Jasiah
NAME:Jason
NAME:Jasper
NAME:Javier
NAME:Javion
NAME:Javon
NAME:Jax
NAME:Jaxen
NAME:Jaxon
NAME:Jaxson
NAME:Jaxton
NAME:Jay
NAME:Jayce
NAME:Jaycob
NAME:Jayden
NAME:Jaydon
NAME:Jaylen
NAME:Jaylin
NAME:Jaylon
NAME:Jayson
NAME:Jedidiah
NAME:Jefferson
NAME:Jeffery
NAME:Jeffrey
NAME:Jensen
NAME:Jeremiah
NAME:Jeremy
NAME:Jermaine
NAME:Jerome
NAME:Jerry
NAME:Jesse
NAME:Jessie
NAME:Jesus
NAME:Jett
NAME:Jimmy
NAME:Jionni
NAME:Joaquin
NAME:Joe
NAME:Joel
NAME:Joey
NAME:Johan
NAME:Johann
NAME:John
NAME:Johnathan
NAME:Johnathon
NAME:Johnny
NAME:Jon
NAME:Jonah
NAME:Jonas
NAME:Jonathan
NAME:Jonathon
NAME:Jordan
NAME:Jorden
NAME:Jordyn
NAME:Jorge
NAME:Jose
NAME:Joseph
NAME:Joshua
NAME:Josiah
NAME:Josue
NAME:Jovani
NAME:Jovanni
NAME:Joziah
NAME:Juan
NAME:Judah
NAME:Jude
NAME:Juelz
NAME:Julian
NAME:Julien
NAME:Julio
NAME:Julius
NAME:Junior
NAME:Justice
NAME:Justin
NAME:Justus
NAME:Kade
NAME:Kaden
NAME:Kaeden
NAME:Kael
NAME:Kai
NAME:Kaiden
NAME:Kale
NAME:Kaleb
NAME:Kamari
NAME:Kamden
NAME:Kameron
NAME:Kamron
NAME:Kamryn
NAME:Kane
NAME:Kareem
NAME:Karsen
NAME:Karson
NAME:Karter
NAME:Kase
NAME:Kasen
NAME:Kash
NAME:Kason
NAME:Kayden
NAME:Kaysen
NAME:Kayson
NAME:Keagan
NAME:Keaton
NAME:Keegan
NAME:Keenan
NAME:Keith
NAME:Kellan
NAME:Kellen
NAME:Kelvin
NAME:Kendall
NAME:Kendrick
NAME:Kenneth
NAME:Kenny
NAME:Kevin
NAME:Khalil
NAME:Kian
NAME:Kieran
NAME:Killian
NAME:King
NAME:Kingsley
NAME:Kingston
NAME:Knox
NAME:Kobe
NAME:Kody
NAME:Kohen
NAME:Kolby
NAME:Kole
NAME:Kolten
NAME:Kolton
NAME:Konner
NAME:Konnor
NAME:Korbin
NAME:Krish
NAME:Kristian
NAME:Kristopher
NAME:Kylan
NAME:Kyle
NAME:Kylen
NAME:Kyler
NAME:Kymani
NAME:Kyree
NAME:Kyrie
NAME:Kyson
NAME:Lamar
NAME:Lance
NAME:Landen
NAME:Landon
NAME:Landry
NAME:Landyn
NAME:Lane
NAME:Larry
NAME:Lawrence
NAME:Lawson
NAME:Layne
NAME:Layton
NAME:Leandro
NAME:Lee
NAME:Legend
NAME:Leland
NAME:Lennon
NAME:Lennox
NAME:Leo
NAME:Leon
NAME:Leonard
NAME:Leonardo
NAME:Leonel
NAME:Leonidas
NAME:Leroy
NAME:Levi
NAME:Lewis
NAME:Liam
NAME:Lincoln
NAME:Lionel
NAME:Logan
NAME:London
NAME:Lorenzo
NAME:Louis
NAME:Luca
NAME:Lucas
NAME:Lucca
NAME:Lucian
NAME:Luciano
NAME:Luis
NAME:Luka
NAME:Lukas
NAME:Luke
NAME:Lyric
NAME:Macguire
NAME:Mack
NAME:Madden
NAME:Maddox
NAME:Maison
NAME:Major
NAME:Makai
NAME:Makhi
NAME:Malachi
NAME:Malakai
NAME:Malaki
NAME:Malcolm
NAME:Malik
NAME:Manuel
NAME:Marc
NAME:Marcel
NAME:Marcelo
NAME:Marco
NAME:Marcos
NAME:Marcus
NAME:Mario
NAME:Mark
NAME:Markus
NAME:Marlon
NAME:Marquis
NAME:Marshall
NAME:Martin
NAME:Marvin
NAME:Masen
NAME:Mason
NAME:Mateo
NAME:Mathew
NAME:Mathias
NAME:Matias
NAME:Matteo
NAME:Matthew
NAME:Matthias
NAME:Maurice
NAME:Mauricio
NAME:Maverick
NAME:Max
NAME:Maxim
NAME:Maximilian
NAME:Maximiliano
NAME:Maximo
NAME:Maximus
NAME:Maxton
NAME:Maxwell
NAME:Mayson
NAME:Mekhi
NAME:Melvin
NAME:Memphis
NAME:Messiah
NAME:Micah
NAME:Michael
NAME:Micheal
NAME:Miguel
NAME:Mike
NAME:Miles
NAME:Milo
NAME:Misael
NAME:Mitchell
NAME:Moe
NAME:Mohamed
NAME:Mohammad
NAME:Mohammed
NAME:Moises
NAME:Morgan
NAME:Moses
NAME:Moshe
NAME:Muhammad
NAME:Mustafa
NAME:Myles
NAME:Nash
NAME:Nasir
NAME:Nathan
NAME:Nathanael
NAME:Nathaniel
NAME:Nehemiah
NAME:Neil
NAME:Nelson
NAME:Neymar
NAME:Nicholas
NAME:Nickolas
NAME:Nico
NAME:Nicolas
NAME:Niko
NAME:Nikolai
NAME:Nikolas
NAME:Nixon
NAME:Noah
NAME:Noe
NAME:Noel
NAME:Nolan
NAME:Oakley
NAME:Odin
NAME:Oliver
NAME:Omar
NAME:Omari
NAME:Orion
NAME:Orlando
NAME:Oscar
NAME:Osvaldo
NAME:Otis
NAME:Otto
NAME:Owen
NAME:Pablo
NAME:Parker
NAME:Patrick
NAME:Paul
NAME:Paxton
NAME:Payton
NAME:Pedro
NAME:Percival
NAME:Percy
NAME:Peter
NAME:Peyton
NAME:Philip
NAME:Phillip
NAME:Phoenix
NAME:Pierce
NAME:Porter
NAME:Preston
NAME:Prince
NAME:Princeton
NAME:Quentin
NAME:Quincy
NAME:Quinn
NAME:Quintin
NAME:Quinton
NAME:Rafael
NAME:Raiden
NAME:Ramiro
NAME:Ramon
NAME:Randall
NAME:Randy
NAME:Raphael
NAME:Rashad
NAME:Raul
NAME:Ray
NAME:Rayan
NAME:Rayden
NAME:Raylan
NAME:Raymond
NAME:Reagan
NAME:Reece
NAME:Reed
NAME:Reese
NAME:Reginald
NAME:Reid
NAME:Remington
NAME:Remy
NAME:Rene
NAME:Reuben
NAME:Rex
NAME:Rey
NAME:Rhett
NAME:Rhys
NAME:Ricardo
NAME:Richard
NAME:Ricky
NAME:Riley
NAME:River
NAME:Robert
NAME:Roberto
NAME:Rocco
NAME:Roderick
NAME:Rodney
NAME:Rodolfo
NAME:Rodrigo
NAME:Rogelio
NAME:Roger
NAME:Rohan
NAME:Roland
NAME:Rolando
NAME:Roman
NAME:Romeo
NAME:Ronald
NAME:Ronan
NAME:Ronin
NAME:Ronnie
NAME:Rory
NAME:Ross
NAME:Rowan
NAME:Rowen
NAME:Roy
NAME:Royce
NAME:Ruben
NAME:Rudy
NAME:Russell
NAME:Ryan
NAME:Ryder
NAME:Ryker
NAME:Rylan
NAME:Ryland
NAME:Rylee
NAME:Rylen
NAME:Sage
NAME:Salvador
NAME:Salvatore
NAME:Sam
NAME:Samir
NAME:Samson
NAME:Samuel
NAME:Santiago
NAME:Santino
NAME:Santos
NAME:Saul
NAME:Sawyer
NAME:Scott
NAME:Sealy
NAME:Seamus
NAME:Sean
NAME:Sebastian
NAME:Semaj
NAME:Sergio
NAME:Seth
NAME:Shane
NAME:Shaun
NAME:Shawn
NAME:Sheldon
NAME:Sidney
NAME:Silas
NAME:Silas/sy
NAME:Simeon
NAME:Simon
NAME:Sincere
NAME:Skylar
NAME:Skyler
NAME:Solomon
NAME:Sonny
NAME:Soren
NAME:Spencer
NAME:Stanley
NAME:Stefan
NAME:Stephen
NAME:Sterling
NAME:Steve
NAME:Steven
NAME:Sullivan
NAME:Sylas
NAME:Talon
NAME:Tanner
NAME:Tate
NAME:Tatum
NAME:Taylor
NAME:Teagan
NAME:Terrance
NAME:Terrell
NAME:Terrence
NAME:Terry
NAME:Thaddeus
NAME:Theo
NAME:Theodore
NAME:Thiago
NAME:Thomas
NAME:Timothy
NAME:Titan
NAME:Titus
NAME:Tobias
NAME:Toby
NAME:Todd
NAME:Tomas
NAME:Tommy
NAME:Tony
NAME:Trace
NAME:Travis
NAME:Trent
NAME:Trenton
NAME:Trevon
NAME:Trevor
NAME:Trey
NAME:Tripp
NAME:Tristan
NAME:Tristen
NAME:Tristian
NAME:Tristin
NAME:Triston
NAME:Troy
NAME:Truman
NAME:Trystan
NAME:Tucker
NAME:Turner
NAME:Ty
NAME:Tyler
NAME:Tyree
NAME:Tyrell
NAME:Tyrone
NAME:Tyson
NAME:Ulises
NAME:Uriah
NAME:Uriel
NAME:Urijah
NAME:Valentin
NAME:Valentino
NAME:Van
NAME:Vance
NAME:Vaughn
NAME:Vicente
NAME:Victor
NAME:Vihaan
NAME:Vincent
NAME:Vincenzo
NAME:Wade
NAME:Walker
NAME:Walter
NAME:Warren
NAME:Waylon
NAME:Wayne
NAME:Wesley
NAME:Westin
NAME:Weston
NAME:Wilder
NAME:Will
NAME:William
NAME:Willie
NAME:Willis
NAME:Willoughby
NAME:Wilson
NAME:Winston
NAME:Wyatt
NAME:Xander
NAME:Xavi
NAME:Xavier
NAME:Xzavier
NAME:Yael
NAME:Yahir
NAME:Yandel
NAME:Yehuda
NAME:Yosef
NAME:Yousef
NAME:Yusuf
NAME:Zachariah
NAME:Zachary
NAME:Zackary
NAME:Zaid
NAME:Zaiden
NAME:Zain
NAME:Zaire
NAME:Zander
NAME:Zane
NAME:Zavier
NAME:Zayden
NAME:Zayne
NAME:Zechariah
NAME:Zeke
NAME:Zion