Aaliyah
NAME:Abbie
NAME:Abbigail
NAME:Abby
NAME:Abigail
NAME:Abrielle
NAME:Abril
NAME:Ada
NAME:Adalyn
NAME:Adalynn
NAME:Addilyn
NAME:Addison
NAME:Addisyn
NAME:Addyson
NAME:Adelaide
NAME:Adele
NAME:Adelina
NAME:Adeline
NAME:Adelyn
NAME:Adelynn
NAME:Adley
NAME:Adriana
NAME:Adrianna
NAME:Adrienne
NAME:Aileen
NAME:Aimee
NAME:Ainsley
NAME:Aisha
NAME:Aiyana
NAME:Akira
NAME:Alaina
NAME:Alana
NAME:Alani
NAME:Alanna
NAME:Alannah
NAME:Alaya
NAME:Alayah
NAME:Alayna
NAME:Alaysia
NAME:Aleah
NAME:Aleena
NAME:Aleigha
NAME:Alejandra
NAME:Alena
NAME:Alessandra
NAME:Alexa
NAME:Alexandra
NAME:Alexandria
NAME:Alexia
NAME:Alexis
NAME:Ali
NAME:Alia
NAME:Aliana
NAME:Alice
NAME:Alicia
NAME:Alina
NAME:Alisa
NAME:Alisha
NAME:Alison
NAME:Alissa
NAME:Alisson
NAME:Alivia
NAME:Aliya
NAME:Aliyah
NAME:Aliza
NAME:Allie
NAME:Allison
NAME:Ally
NAME:Allyson
NAME:Alma
NAME:Alondra
NAME:Alyson
NAME:Alyssa
NAME:Alyvia
NAME:Amanda
NAME:Amani
NAME:Amara
NAME:Amari
NAME:Amaya
NAME:Amber
NAME:Amelia
NAME:Amelie
NAME:America
NAME:Amina
NAME:Amira
NAME:Amirah
NAME:Amiya
NAME:Amiyah
NAME:Amy
NAME:Amya
NAME:Ana
NAME:Anabel
NAME:Anabella
NAME:Anabelle
NAME:Anahi
NAME:Analia
NAME:Anastasia
NAME:Anaya
NAME:Andrea
NAME:Angel
NAME:Angela
NAME:Angelica
NAME:Angelina
NAME:Angeline
NAME:Angelique
NAME:Angie
NAME:Anika
NAME:Aniya
NAME:Aniyah
NAME:Ann
NAME:Anna
NAME:Annabel
NAME:Annabell
NAME:Annabella
NAME:Annabelle
NAME:Annalee
NAME:Annalise
NAME:Anne
NAME:Annie
NAME:Annika
NAME:Ansley
NAME:Anya
NAME:April
NAME:Arabella
NAME:Araceli
NAME:Arely
NAME:Aria
NAME:Ariah
NAME:Ariana
NAME:Arianna
NAME:Ariel
NAME:Ariella
NAME:Arielle
NAME:Armani
NAME:Arya
NAME:Aryana
NAME:Aryanna
NAME:Ashley
NAME:Ashlyn
NAME:Ashlynn
NAME:Ashtyn
NAME:Asia
NAME:Aspen
NAME:Athena
NAME:Aubree
NAME:Aubrey
NAME:Aubri
NAME:Aubriana
NAME:Aubrianna
NAME:Aubrie
NAME:Aubrielle
NAME:Audrey
NAME:Audriana
NAME:Audrianna
NAME:Audrina
NAME:Aurora
NAME:Autumn
NAME:Ava
NAME:Avah
NAME:Averi
NAME:Averie
NAME:Avery
NAME:Aviana
NAME:Avianna
NAME:Aya
NAME:Ayana
NAME:Ayanna
NAME:Ayla
NAME:Ayleen
NAME:Aylin
NAME:Azalea
NAME:Azaria
NAME:Azariah
NAME:Bailee
NAME:Bailey
NAME:Barbara
NAME:Baylee
NAME:Bayleigh
NAME:Beatrice
NAME:Belen
NAME:Bella
NAME:Bethany
NAME:Bianca
NAME:Blair
NAME:Blake
NAME:Blakely
NAME:Braelyn
NAME:Braelynn
NAME:Braylee
NAME:Breanna
NAME:Bree
NAME:Brenda
NAME:Brenna
NAME:Bria
NAME:Briana
NAME:Brianna
NAME:Bridget
NAME:Briella
NAME:Brielle
NAME:Briley
NAME:Brinley
NAME:Brisa
NAME:Bristol
NAME:Britney
NAME:Brittany
NAME:Brooke
NAME:Brooklyn
NAME:Brooklynn
NAME:Bryanna
NAME:Brylee
NAME:Bryleigh
NAME:Bryn
NAME:Brynlee
NAME:Brynn
NAME:Cadence
NAME:Cailyn
NAME:Caitlin
NAME:Caitlyn
NAME:Cali
NAME:Callie
NAME:Cambria
NAME:Cameron
NAME:Camila
NAME:Camilla
NAME:Camille
NAME:Campbell
NAME:Camryn
NAME:Cara
NAME:Carissa
NAME:Carla
NAME:Carlee
NAME:Carleigh
NAME:Carley
NAME:Carlie
NAME:Carly
NAME:Carmen
NAME:Carolina
NAME:Caroline
NAME:Carolyn
NAME:Casey
NAME:Cassandra
NAME:Cassidy
NAME:Cataleya
NAME:Catalina
NAME:Catherine
NAME:Caylee
NAME:Cecelia
NAME:Cecilia
NAME:Celeste
NAME:Celia
NAME:Celine
NAME:Chana
NAME:Chanel
NAME:Charity
NAME:Charlee
NAME:Charleigh
NAME:Charley
NAME:Charli
NAME:Charlie
NAME:Charlize
NAME:Charlotte
NAME:Chaya
NAME:Chelsea
NAME:Cherish
NAME:Cheyanne
NAME:Cheyenne
NAME:Chloe
NAME:Christina
NAME:Christine
NAME:Ciara
NAME:Cillian
NAME:Cindy
NAME:Claire
NAME:Clara
NAME:Clare
NAME:Clarissa
NAME:Claudia
NAME:Colette
NAME:Collins
NAME:Cora
NAME:Coralie
NAME:Coraline
NAME:Corinne
NAME:Cornelia
NAME:Courtney
NAME:Cristina
NAME:Crystal
NAME:Cynthia
NAME:Dahlia
NAME:Daisy
NAME:Dakota
NAME:Dalilah
NAME:Dallas
NAME:Dana
NAME:Danica
NAME:Daniela
NAME:Daniella
NAME:Danielle
NAME:Danika
NAME:Danna
NAME:Daphne
NAME:Dayana
NAME:Deanna
NAME:Deborah
NAME:Delaney
NAME:Delilah
NAME:Demi
NAME:Denise
NAME:Desiree
NAME:Destinee
NAME:Destiny
NAME:Devyn
NAME:Diamond
NAME:Diana
NAME:Dixie
NAME:Dorothy
NAME:Dulce
NAME:Dylan
NAME:Eden
NAME:Edith
NAME:Eileen
NAME:Elaina
NAME:Elaine
NAME:Eleanor
NAME:Elena
NAME:Eliana
NAME:Elianna
NAME:Elin
NAME:Elisa
NAME:Elisabeth
NAME:Elise
NAME:Elissa
NAME:Eliza
NAME:Elizabeth
NAME:Ella
NAME:Elle
NAME:Ellen
NAME:Elliana
NAME:Ellie
NAME:Elliot
NAME:Ellis
NAME:Elodie
NAME:Eloise
NAME:Elsa
NAME:Elsie
NAME:Elyse
NAME:Ember
NAME:Emelia
NAME:Emely
NAME:Emerson
NAME:Emersyn
NAME:Emery
NAME:Emilee
NAME:Emilia
NAME:Emilie
NAME:Emily
NAME:Emma
NAME:Emmalee
NAME:Emmaline
NAME:Emmalyn
NAME:Emmalynn
NAME:Emmeline
NAME:Emmy
NAME:Emory
NAME:Erica
NAME:Erika
NAME:Erin
NAME:Esme
NAME:Esmeralda
NAME:Estella
NAME:Estelle
NAME:Esther
NAME:Estrella
NAME:Eudora
NAME:Eva
NAME:Evalyn
NAME:Evangeline
NAME:Eve
NAME:Evelyn
NAME:Evelynn
NAME:Everly
NAME:Evie
NAME:Faith
NAME:Farrah
NAME:Fatima
NAME:Felicity
NAME:Fernanda
NAME:Finley
NAME:Fiona
NAME:Florence
NAME:Frances
NAME:Francesca
NAME:Freya
NAME:Gabriela
NAME:Gabriella
NAME:Gabrielle
NAME:Galilea
NAME:Gemma
NAME:Genesis
NAME:Genevieve
NAME:Georgia
NAME:Geraldine
NAME:Gia
NAME:Giada
NAME:Giana
NAME:Gianna
NAME:Giovanna
NAME:Giselle
NAME:Gisselle
NAME:Giuliana
NAME:Gloria
NAME:Glory
NAME:Grace
NAME:Gracelyn
NAME:Gracelynn
NAME:Gracie
NAME:Greta
NAME:Guadalupe
NAME:Gwendolyn
NAME:Hadassah
NAME:Hadley
NAME:Hailee
NAME:Hailey
NAME:Haleigh
NAME:Haley
NAME:Halle
NAME:Hallie
NAME:Hana
NAME:Hanna
NAME:Hannah
NAME:Harlee
NAME:Harley
NAME:Harlow
NAME:Harmony
NAME:Harper
NAME:Hattie
NAME:Haven
NAME:Hayden
NAME:Haylee
NAME:Hayleigh
NAME:Hayley
NAME:Haylie
NAME:Hazel
NAME:Heather
NAME:Heaven
NAME:Heidi
NAME:Helen
NAME:Helena
NAME:Holly
NAME:Hope
NAME:Hyacinth
NAME:Iliana
NAME:Imani
NAME:Ingrid
NAME:Irene
NAME:Iris
NAME:Isabel
NAME:Isabela
NAME:Isabella
NAME:Isabelle
NAME:Isis
NAME:Isla
NAME:Itzel
NAME:Ivanna
NAME:Ivy
NAME:Izabella
NAME:Izabelle
NAME:Jacqueline
NAME:Jada
NAME:Jade
NAME:Jaelyn
NAME:Jaelynn
NAME:Jaida
NAME:Jakayla
NAME:Jaliyah
NAME:Jamie
NAME:Janae
NAME:Jane
NAME:Janelle
NAME:Janessa
NAME:Janiya
NAME:Janiyah
NAME:Jaqueline
NAME:Jasmin
NAME:Jasmine
NAME:Jaycee
NAME:Jayda
NAME:Jayde
NAME:Jayden
NAME:Jayla
NAME:Jaylah
NAME:Jaylee
NAME:Jayleen
NAME:Jaylene
NAME:Jaylin
NAME:Jaylynn
NAME:Jazlyn
NAME:Jazlynn
NAME:Jazmin
NAME:Jazmine
NAME:Jazzlyn
NAME:Jemima
NAME:Jemma
NAME:Jenna
NAME:Jennifer
NAME:Jenny
NAME:Jessa
NAME:Jessamine
NAME:Jessica
NAME:Jessie
NAME:Jewel
NAME:Jillian
NAME:Jimena
NAME:Joanna
NAME:Jocelyn
NAME:Jocelynn
NAME:Johanna
NAME:Jolene
NAME:Jolie
NAME:Jordan
NAME:Jordyn
NAME:Jordynn
NAME:Joselyn
NAME:Josephine
NAME:Josie
NAME:Joslyn
NAME:Journee
NAME:Journey
NAME:Joy
NAME:Joyce
NAME:Judith
NAME:Julia
NAME:Juliana
NAME:Julianna
NAME:Julianne
NAME:Julie
NAME:Juliet
NAME:Juliette
NAME:Julissa
NAME:June
NAME:Juniper
NAME:Justice
NAME:Kadence
NAME:Kaelyn
NAME:Kaelynn
NAME:Kai
NAME:Kaia
NAME:Kailee
NAME:Kailey
NAME:Kailyn
NAME:Kailynn
NAME:Kairi
NAME:Kaitlin
NAME:Kaitlyn
NAME:Kaitlynn
NAME:Kaiya
NAME:Kaleigh
NAME:Kali
NAME:Kaliyah
NAME:Kallie
NAME:Kamila
NAME:Kamryn
NAME:Kara
NAME:Karen
NAME:Karina
NAME:Karis
NAME:Karissa
NAME:Karla
NAME:Karlee
NAME:Karlie
NAME:Karma
NAME:Karsyn
NAME:Kasey
NAME:Kassandra
NAME:Kassidy
NAME:Katalina
NAME:Kate
NAME:Katelyn
NAME:Katelynn
NAME:Katherine
NAME:Kathleen
NAME:Kathryn
NAME:Katie
NAME:Katrina
NAME:Kaya
NAME:Kayden
NAME:Kaydence
NAME:Kayla
NAME:Kaylee
NAME:Kayleigh
NAME:Kaylen
NAME:Kaylie
NAME:Kaylin
NAME:Kaylyn
NAME:Kaylynn
NAME:Keira
NAME:Kelly
NAME:Kelsey
NAME:Kendal
NAME:Kendall
NAME:Kendra
NAME:Kendyl
NAME:Kenia
NAME:Kenley
NAME:Kenna
NAME:Kennedi
NAME:Kennedy
NAME:Kensley
NAME:Kenya
NAME:Kenzie
NAME:Keyla
NAME:Khloe
NAME:Kiana
NAME:Kiara
NAME:Kiera
NAME:Kiley
NAME:Kimber
NAME:Kimberly
NAME:Kimora
NAME:Kinley
NAME:Kinsley
NAME:Kira
NAME:Kirsten
NAME:Kora
NAME:Kourtney
NAME:Kristen
NAME:Kristina
NAME:Krystal
NAME:Kyla
NAME:Kylah
NAME:Kylee
NAME:Kyleigh
NAME:Kylie
NAME:Kyndal
NAME:Kyndall
NAME:Kynlee
NAME:Kyra
NAME:Lacey
NAME:Laila
NAME:Lailah
NAME:Lainey
NAME:Lana
NAME:Landry
NAME:Laney
NAME:Lara
NAME:Larissa
NAME:Laura
NAME:Laurel
NAME:Lauren
NAME:Lauryn
NAME:Layla
NAME:Laylah
NAME:Lea
NAME:Leah
NAME:Leanna
NAME:Leia
NAME:Leighton
NAME:Leila
NAME:Leilani
NAME:Lena
NAME:Leona
NAME:Leonora
NAME:Leslie
NAME:Lesly
NAME:Lexi
NAME:Lexie
NAME:Leyla
NAME:Lia
NAME:Liana
NAME:Libby
NAME:Liberty
NAME:Lila
NAME:Lilah
NAME:Lilia
NAME:Lilian
NAME:Liliana
NAME:Lilianna
NAME:Lilith
NAME:Lillian
NAME:Lilliana
NAME:Lillianna
NAME:Lillie
NAME:Lilly
NAME:Lillyana
NAME:Lily
NAME:Lilyana
NAME:Lilyanna
NAME:Lina
NAME:Linda
NAME:Lindsay
NAME:Lindsey
NAME:Lisa
NAME:Litzy
NAME:Livia
NAME:Lizbeth
NAME:Logan
NAME:Lois
NAME:Lola
NAME:London
NAME:Londyn
NAME:Lorelai
NAME:Lorelei
NAME:Louise
NAME:Lucia
NAME:Luciana
NAME:Lucille
NAME:Lucy
NAME:Luna
NAME:Luz
NAME:Lydia
NAME:Lyla
NAME:Lylah
NAME:Lyric
NAME:Macey
NAME:Maci
NAME:Macie
NAME:Mackenzie
NAME:Macy
NAME:Madalyn
NAME:Madalynn
NAME:Maddison
NAME:Madeleine
NAME:Madeline
NAME:Madelyn
NAME:Madelynn
NAME:Madilyn
NAME:Madilynn
NAME:Madison
NAME:Madisyn
NAME:Madyson
NAME:Mae
NAME:Maeve
NAME:Maggie
NAME:Magnolia
NAME:Maia
NAME:Mairead
NAME:Maisie
NAME:Makayla
NAME:Makenna
NAME:Makenzie
NAME:Malaya
NAME:Malaysia
NAME:Maleah
NAME:Malia
NAME:Maliah
NAME:Maliyah
NAME:Mallory
NAME:Mara
NAME:Margaret
NAME:Margot
NAME:Maria
NAME:Mariah
NAME:Mariam
NAME:Mariana
NAME:Marianna
NAME:Marie
NAME:Marilyn
NAME:Marina
NAME:Marisa
NAME:Marisol
NAME:Marissa
NAME:Maritza
NAME:Mariyah
NAME:Marlee
NAME:Marlene
NAME:Marley
NAME:Martha
NAME:Mary
NAME:Maryam
NAME:Maryanne
NAME:Matilda
NAME:Mattie
NAME:Maya
NAME:Mckayla
NAME:Mckenna
NAME:Mckenzie
NAME:Mckinley
NAME:Meadow
NAME:Megan
NAME:Meghan
NAME:Melanie
NAME:Melany
NAME:Melina
NAME:Melissa
NAME:Melody
NAME:Mercedes
NAME:Meredith
NAME:Mia
NAME:Miah
NAME:Micah
NAME:Michaela
NAME:Michelle
NAME:Mikaela
NAME:Mikayla
NAME:Mila
NAME:Milan
NAME:Milana
NAME:Milania
NAME:Milena
NAME:Miley
NAME:Millie
NAME:Mina
NAME:Mira
NAME:Mirabel
NAME:Mirabelle
NAME:Miracle
NAME:Miranda
NAME:Miriam
NAME:Miya
NAME:Mollie
NAME:Molly
NAME:Monica
NAME:Monroe
NAME:Morgan
NAME:Moriah
NAME:Mya
NAME:Myah
NAME:Myla
NAME:Myra
NAME:Nadia
NAME:Nahla
NAME:Nancy
NAME:Naomi
NAME:Natalee
NAME:Natalia
NAME:Natalie
NAME:Nataly
NAME:Natalya
NAME:Natasha
NAME:Nathalie
NAME:Nathaly
NAME:Nayeli
NAME:Nevaeh
NAME:Nia
NAME:Nicole
NAME:Nina
NAME:Noelle
NAME:Noemi
NAME:Nola
NAME:Nora
NAME:Norah
NAME:Nova
NAME:Nyla
NAME:Nylah
NAME:Odette
NAME:Olive
NAME:Olivia
NAME:Oriana
NAME:Paige
NAME:Paislee
NAME:Paisley
NAME:Paityn
NAME:Paloma
NAME:Paola
NAME:Paris
NAME:Parker
NAME:Patience
NAME:Patricia
NAME:Paula
NAME:Paulina
NAME:Payton
NAME:Pearl
NAME:Penelope
NAME:Perla
NAME:Peyton
NAME:Phoebe
NAME:Phoenix
NAME:Piper
NAME:Presley
NAME:Priscilla
NAME:Quinn
NAME:Rachael
NAME:Rachel
NAME:Raegan
NAME:Raelyn
NAME:Raelynn
NAME:Raina
NAME:Raquel
NAME:Raven
NAME:Raylee
NAME:Rayna
NAME:Rayne
NAME:Reagan
NAME:Rebecca
NAME:Rebekah
NAME:Reese
NAME:Regan
NAME:Regina
NAME:Renata
NAME:Renee
NAME:Reyna
NAME:Rhiannon
NAME:Rihanna
NAME:Riley
NAME:River
NAME:Riya
NAME:Romy
NAME:Rosa
NAME:Rosalie
NAME:Rosalind
NAME:Rose
NAME:Roselyn
NAME:Rosemary
NAME:Rowan
NAME:Ruby
NAME:Ruth
NAME:Ryan
NAME:Ryann
NAME:Rylan
NAME:Rylee
NAME:Ryleigh
NAME:Rylie
NAME:Saanvi
NAME:Sabrina
NAME:Sadie
NAME:Sage
NAME:Saige
NAME:Salma
NAME:Samantha
NAME:Samara
NAME:Samiyah
NAME:Sandra
NAME:Saniya
NAME:Saniyah
NAME:Sara
NAME:Sarah
NAME:Sarahi
NAME:Sarai
NAME:Sariah
NAME:Sariyah
NAME:Sasha
NAME:Savanna
NAME:Savannah
NAME:Sawyer
NAME:Scarlet
NAME:Scarlett
NAME:Scarlette
NAME:Selah
NAME:Selena
NAME:Serena
NAME:Serenity
NAME:Shannon
NAME:Sharon
NAME:Shayla
NAME:Shelby
NAME:Sherlyn
NAME:Shiloh
NAME:Sidney
NAME:Siena
NAME:Sienna
NAME:Sierra
NAME:Simone
NAME:Sky
NAME:Skye
NAME:Skyla
NAME:Skylar
NAME:Skyler
NAME:Sloan
NAME:Sloane
NAME:Sofia
NAME:Sofie
NAME:Sonia
NAME:Sophia
NAME:Sophie
NAME:Stella
NAME:Stellan
NAME:Stephanie
NAME:Summer
NAME:Susan
NAME:Susannah
NAME:Sydney
NAME:Sylvia
NAME:Tabitha
NAME:Talia
NAME:Taliyah
NAME:Tamia
NAME:Tara
NAME:Taraji
NAME:Taryn
NAME:Tatiana
NAME:Tatum
NAME:Taylor
NAME:Teagan
NAME:Temperance
NAME:Tenley
NAME:Teresa
NAME:Tess
NAME:Tessa
NAME:Thalia
NAME:Tia
NAME:Tiana
NAME:Tiffany
NAME:Tinley
NAME:Tori
NAME:Trinity
NAME:Valentina
NAME:Valeria
NAME:Valerie
NAME:Vanessa
NAME:Vera
NAME:Veronica
NAME:Victoria
NAME:Violet
NAME:Virginia
NAME:Vivian
NAME:Viviana
NAME:Vivienne
NAME:Wendy
NAME:Whitney
NAME:Willa
NAME:Willow
NAME:Winifred/Winnie
NAME:Winter
NAME:Wren
NAME:Ximena
NAME:Yamileth
NAME:Yareli
NAME:Yaretzi
NAME:Yaritza
NAME:Yasmin
NAME:Yesenia
NAME:Zahra
NAME:Zaniyah
NAME:Zara
NAME:Zaria
NAME:Zariah
NAME:Zariyah
NAME:Zion
NAME:Zoe
NAME:Zoey
NAME:Zoie
NAME:Zuri