NAME:Abigail
NAME:Abrielle
NAME:Abril
NAME:Ada
NAME:Addilyn
NAME:Addison
NAME:Adelaide
NAME:Adele
NAME:Adelina
NAME:Adeline
NAME:Adelyn
NAME:Adley
NAME:Adriana
NAME:Adrienne
NAME:Aileen
NAME:Ainsley
NAME:Aisha
NAME:Aiyana
NAME:Akira
NAME:Alaina
NAME:Alani
NAME:Alanna
NAME:Alayah
NAME:Alaysia
NAME:Aleah
NAME:Alejandra
NAME:Alessandra
NAME:Alexa
NAME:Alexandra
NAME:Alexandria
NAME:Alexia
NAME:Alexis
NAME:Alia
NAME:Aliana
NAME:Alice
NAME:Alicia
NAME:Alina
NAME:Alisa
NAME:Aliyah
NAME:Aliza
NAME:Allison
NAME:Alma
NAME:Alondra
NAME:Alyssa
NAME:Amanda
NAME:Amani
NAME:Amara
NAME:Amari
NAME:Amaya
NAME:Amber
NAME:Amelia
NAME:Amelie
NAME:America
NAME:Amina
NAME:Amira
NAME:Amiyah
NAME:Amy
NAME:Anabella
NAME:Anabelle
NAME:Anahi
NAME:Analia
NAME:Anastasia
NAME:Anaya
NAME:Andrea
NAME:Angel
NAME:Angela
NAME:Angelica
NAME:Angelina
NAME:Angeline
NAME:Angelique
NAME:Anika
NAME:Aniya
NAME:Ann
NAME:Anna
NAME:Annabella
NAME:Annabelle
NAME:Annalee
NAME:Annalise
NAME:Anne
NAME:Annie
NAME:Annika
NAME:Ansley
NAME:Anya
NAME:April
NAME:Arabella
NAME:Araceli
NAME:Arely
NAME:Aria
NAME:Arianna
NAME:Ariella
NAME:Arielle
NAME:Armani
NAME:Arya
NAME:Ashley
NAME:Ashlyn
NAME:Ashtyn
NAME:Asia
NAME:Aspen
NAME:Athena
NAME:Aubrey
NAME:Aubrianna
NAME:Aubrielle
NAME:Audrey
NAME:Audriana
NAME:Audrina
NAME:Aurora
NAME:Autumn
NAME:Ava
NAME:Avery
NAME:Aviana
NAME:Aya
NAME:Ayanna
NAME:Ayla
NAME:Ayleen
NAME:Aylin
NAME:Azalea
NAME:Azaria
NAME:Bailey
NAME:Barbara
NAME:Beatrice
NAME:Belen
NAME:Bella
NAME:Bethany
NAME:Bianca
NAME:Blair
NAME:Blake
NAME:Blakely
NAME:Braelynn
NAME:Braylee
NAME:Bree
NAME:Brenda
NAME:Brenna
NAME:Bria
NAME:Briana
NAME:Bridget
NAME:Briella
NAME:Brielle
NAME:Briley
NAME:Brinley
NAME:Brisa
NAME:Brittany
NAME:Brooke
NAME:Brooklyn
NAME:Brylee
NAME:Brynlee
NAME:Brynn
NAME:Cadence
NAME:Cailyn
NAME:Callie
NAME:Cambria
NAME:Cameron
NAME:Camilla
NAME:Camille
NAME:Campbell
NAME:Carly
NAME:Carmen
NAME:Carolina
NAME:Caroline
NAME:Carolyn
NAME:Casey
NAME:Cassandra
NAME:Cassidy
NAME:Cataleya
NAME:Catalina
NAME:Catherine
NAME:Cecilia
NAME:Celeste
NAME:Celia
NAME:Celine
NAME:Chana
NAME:Chanel
NAME:Charity
NAME:Charlie
NAME:Charlize
NAME:Charlotte
NAME:Chaya
NAME:Chelsea
NAME:Cherish
NAME:Cheyanne
NAME:Chloe
NAME:Christina
NAME:Christine
NAME:Ciara
NAME:Cillian
NAME:Cindy
NAME:Claire
NAME:Clara
NAME:Clarissa
NAME:Claudia
NAME:Colette
NAME:Collins
NAME:Cora
NAME:Coralie
NAME:Coraline
NAME:Corinne
NAME:Cornelia
NAME:Courtney
NAME:Cynthia
NAME:Dahlia
NAME:Daisy
NAME:Dakota
NAME:Dallas
NAME:Dana
NAME:Daniella
NAME:Danielle
NAME:Danika
NAME:Danna
NAME:Daphne
NAME:Dayana
NAME:Deanna
NAME:Deborah
NAME:Delaney
NAME:Delilah
NAME:Demi
NAME:Denise
NAME:Desiree
NAME:Destiny
NAME:Devyn
NAME:Diamond
NAME:Diana
NAME:Dixie
NAME:Dorothy
NAME:Dulce
NAME:Dylan
NAME:Eden
NAME:Edith
NAME:Eileen
NAME:Elaina
NAME:Elaine
NAME:Eleanor
NAME:Elena
NAME:Elisa
NAME:Elise
NAME:Elissa
NAME:Eliza
NAME:Elizabeth
NAME:Ella
NAME:Elle
NAME:Ellen
NAME:Elliana
NAME:Ellie
NAME:Elliot
NAME:Ellis
NAME:Elodie
NAME:Eloise
NAME:Elsa
NAME:Elsie
NAME:Ember
NAME:Emelia
NAME:Emersyn
NAME:Emery
NAME:Emilia
NAME:Emily
NAME:Emma
NAME:Emmalyn
NAME:Emmeline
NAME:Emmy
NAME:Emory
NAME:Erica
NAME:Erin
NAME:Esme
NAME:Esmeralda
NAME:Estella
NAME:Estelle
NAME:Esther
NAME:Estrella
NAME:Eudora
NAME:Eva
NAME:Evangeline
NAME:Eve
NAME:Evelynn
NAME:Everly
NAME:Evie
NAME:Faith
NAME:Farrah
NAME:Fatima
NAME:Felicity
NAME:Fernanda
NAME:Finley
NAME:Fiona
NAME:Florence
NAME:Frances
NAME:Francesca
NAME:Freya
NAME:Gabriella
NAME:Gabrielle
NAME:Galilea
NAME:Gemma
NAME:Genesis
NAME:Genevieve
NAME:Georgia
NAME:Geraldine
NAME:Gia
NAME:Giada
NAME:Giana
NAME:Giovanna
NAME:Giselle
NAME:Giuliana
NAME:Gloria
NAME:Glory
NAME:Grace
NAME:Gracelyn
NAME:Greta
NAME:Guadalupe
NAME:Gwendolyn
NAME:Hadassah
NAME:Hadley
NAME:Hailey
NAME:Hallie
NAME:Hannah
NAME:Harley
NAME:Harlow
NAME:Harmony
NAME:Harper
NAME:Hattie
NAME:Haven
NAME:Hayden
NAME:Hazel
NAME:Heather
NAME:Heaven
NAME:Heidi
NAME:Helen
NAME:Helena
NAME:Holly
NAME:Hope
NAME:Hyacinth
NAME:Iliana
NAME:Imani
NAME:Ingrid
NAME:Irene
NAME:Iris
NAME:Isabel
NAME:Isabella
NAME:Isabelle
NAME:Isis
NAME:Isla
NAME:Itzel
NAME:Ivanna
NAME:Ivy
NAME:Izabella
NAME:Izabelle
NAME:Jacqueline
NAME:Jade
NAME:Jaelynn
NAME:Jakayla
NAME:Jaliyah
NAME:Jamie
NAME:Janae
NAME:Jane
NAME:Janelle
NAME:Janessa
NAME:Janiya
NAME:Jasmine
NAME:Jaycee
NAME:Jayda
NAME:Jayden
NAME:Jayla
NAME:Jaylee
NAME:Jayleen
NAME:Jaylene
NAME:Jazlynn
NAME:Jemima
NAME:Jemma
NAME:Jenna
NAME:Jennifer
NAME:Jessa
NAME:Jessamine
NAME:Jessica
NAME:Jewel
NAME:Jillian
NAME:Jimena
NAME:Joanna
NAME:Jocelyn
NAME:Johanna
NAME:Jolene
NAME:Jolie
NAME:Jordan
NAME:Josephine
NAME:Josie
NAME:Journey
NAME:Joy
NAME:Joyce
NAME:Judith
NAME:Julia
NAME:Julianna
NAME:Julianne
NAME:Julie
NAME:Juliet
NAME:Julissa
NAME:June
NAME:Juniper
NAME:Justice
NAME:Kairi
NAME:Kaitlyn
NAME:Kaiya
NAME:Kaliyah
NAME:Kara
NAME:Karen
NAME:Karina
NAME:Karis
NAME:Karissa
NAME:Karla
NAME:Karma
NAME:Karsyn
NAME:Kate
NAME:Katelyn
NAME:Katherine
NAME:Kathleen
NAME:Katrina
NAME:Kay
NAME:Kaya
NAME:Kayden
NAME:Kayla
NAME:Kayleigh
NAME:Keira
NAME:Kelly
NAME:Kelsey
NAME:Kendal
NAME:Kendall
NAME:Kendra
NAME:Kendyl
NAME:Kenia
NAME:Kenley
NAME:Kenna
NAME:Kennedy
NAME:Kensley
NAME:Kenya
NAME:Kenzie
NAME:Kiana
NAME:Kiara
NAME:Kiera
NAME:Kimber
NAME:Kimberly
NAME:Kimora
NAME:Kinley
NAME:Kinsley
NAME:Kira
NAME:Kirsten
NAME:Kora
NAME:Kristen
NAME:Krystal
NAME:Kyla
NAME:Kylee
NAME:Lacey
NAME:Lana
NAME:Landry
NAME:Laney
NAME:Lara
NAME:Larissa
NAME:Laura
NAME:Laurel
NAME:Lauren
NAME:Leah
NAME:Leanna
NAME:Leighton
NAME:Leila
NAME:Leilani
NAME:Lena
NAME:Leona
NAME:Leonora
NAME:Leslie
NAME:Lexie
NAME:Lia
NAME:Liana
NAME:Libby
NAME:Liberty
NAME:Lila
NAME:Lilia
NAME:Lilith
NAME:Lillian
NAME:Lilliana
NAME:Lily
NAME:Lina
NAME:Linda
NAME:Lindsey
NAME:Lisa
NAME:Litzy
NAME:Livia
NAME:Lizbeth
NAME:Logan
NAME:Lois
NAME:Lola
NAME:London
NAME:Lorelei
NAME:Louise
NAME:Lucia
NAME:Luciana
NAME:Lucille
NAME:Lucy
NAME:Luna
NAME:Luz
NAME:Lydia
NAME:Lyric
NAME:Mackenzie
NAME:Macy
NAME:Madeline
NAME:Madison
NAME:Mae
NAME:Maeve
NAME:Maggie
NAME:Magnolia
NAME:Mairead
NAME:Maisie
NAME:Malaya
NAME:Malaysia
NAME:Maliah
NAME:Mallory
NAME:Mara
NAME:Margaret
NAME:Margot
NAME:Maria
NAME:Mariam
NAME:Mariana
NAME:Maria
NAME:Marie
NAME:Marilyn
NAME:Marina
NAME:Marisol
NAME:Marissa
NAME:Maritza
NAME:Marlene
NAME:Marley
NAME:Martha
NAME:Mary
NAME:Maryam
NAME:Maryanne
NAME:Matilda
NAME:Mattie
NAME:Maya
NAME:Mckenna
NAME:Mckenzie
NAME:Mckinley
NAME:Meadow
NAME:Megan
NAME:Melanie
NAME:Melina
NAME:Melissa
NAME:Melody
NAME:Mercedes
NAME:Meredith
NAME:Micah
NAME:Michaela
NAME:Michelle
NAME:Mila
NAME:Milan
NAME:Milana
NAME:Milania
NAME:Milena
NAME:Miley
NAME:Millie
NAME:Mina
NAME:Mira
NAME:Mirabelle
NAME:Miracle
NAME:Miranda
NAME:Miriam
NAME:Molly
NAME:Monica
NAME:Monroe
NAME:Morgan
NAME:Moriah
NAME:Mya
NAME:Myla
NAME:Myra
NAME:Nadia
NAME:Nahla
NAME:Nancy
NAME:Naomi
NAME:Natalia
NAME:Natalie
NAME:Natasha
NAME:Nayeli
NAME:Nevaeh
NAME:Nia
NAME:Nicole
NAME:Nina
NAME:Noelle
NAME:Noemi
NAME:Nola
NAME:Norah
NAME:Nova
NAME:Nyla
NAME:Odette
NAME:Olive
NAME:Olivia
NAME:Oriana
NAME:Paige
NAME:Paisley
NAME:Paloma
NAME:Paola
NAME:Paris
NAME:Parker
NAME:Patience
NAME:Patricia
NAME:Paula
NAME:Paulina
NAME:Payton
NAME:Pearl
NAME:Penelope
NAME:Perla
NAME:Phoebe
NAME:Phoenix
NAME:Piper
NAME:Presley
NAME:Priscilla
NAME:Quinn
NAME:Rachel
NAME:Raeann
NAME:Raelyn
NAME:Raquel
NAME:Raven
NAME:Raylee
NAME:Rayne
NAME:Reagan
NAME:Rebecca
NAME:Reese
NAME:Regina
NAME:Remy
NAME:Renata
NAME:Renee
NAME:Reyna
NAME:Rhiannon
NAME:Rihanna
NAME:Riley
NAME:River
NAME:Riya
NAME:Romy
NAME:Rosa
NAME:Rosalie
NAME:Rosalind
NAME:Rose
NAME:Roselyn
NAME:Rosemary
NAME:Rowan
NAME:Ruby
NAME:Ruth
NAME:Ryann
NAME:Rylan
NAME:Rylee
NAME:Saanvi
NAME:Sabrina
NAME:Sadie
NAME:Sage
NAME:Salma
NAME:Samantha
NAME:Samara
NAME:Samiyah
NAME:Sandra
NAME:Saniya
NAME:Sara
NAME:Sarahi
NAME:Sarai
NAME:Sariah
NAME:Sasha
NAME:Savannah
NAME:Sawyer
NAME:Scarlett
NAME:Selah
NAME:Selena
NAME:Serena
NAME:Serenity
NAME:Shannon
NAME:Sharon
NAME:Shayla
NAME:Shelby
NAME:Sherlyn
NAME:Shiloh
NAME:Sidney
NAME:Siena
NAME:Sierra
NAME:Simone
NAME:Skye
NAME:Skyla
NAME:Skylar
NAME:Sloane
NAME:Sonia
NAME:Sophia
NAME:Sophie
NAME:Stella
NAME:Stellan
NAME:Stephanie
NAME:Summer
NAME:Susan
NAME:Susannah
NAME:Sydney
NAME:Sylvia
NAME:Tabitha
NAME:Talia
NAME:Tamia
NAME:Tara
NAME:Taraji
NAME:Taryn
NAME:Tatiana
NAME:Tatum
NAME:Tayli
NAME:Taylor
NAME:Teagan
NAME:Temperance
NAME:Tenley
NAME:Teresa
NAME:Tess
NAME:Tessa
NAME:Thalia
NAME:Tia
NAME:Tiana
NAME:Tiffany
NAME:Tinley
NAME:Tori
NAME:Trinity
NAME:Valentina
NAME:Valeria
NAME:Valerie
NAME:Vanessa
NAME:Vera
NAME:Veronica
NAME:Victoria
NAME:Violet
NAME:Virginia
NAME:Vivian
NAME:Viviana
NAME:Wendy
NAME:Whitney
NAME:Willa
NAME:Willow
NAME:Winifred|DETAIL:Winnie
NAME:Winter
NAME:Wren
NAME:Ximena
NAME:Yamileth
NAME:Yareli
NAME:Yaretzi
NAME:Yaritza
NAME:Yasmin
NAME:Yesenia
NAME:Zahra
NAME:Zaniyah
NAME:Zara
NAME:Zaria
NAME:Zariah
NAME:Zariyah
NAME:Zion
NAME:Zoe
NAME:Zoey
NAME:Zuri