NAME:Aarav
NAME:Aaron
NAME:Abdiel
NAME:Abdullah
NAME:Abel
NAME:Abraham
NAME:Abram
NAME:Ace
NAME:Adam
NAME:Aditya
NAME:Adonis
NAME:Adrian
NAME:Adriel
NAME:Agustin
NAME:Ahmad
NAME:Ahmed
NAME:Aiden
NAME:Alan
NAME:Albert
NAME:Alberto
NAME:Alden
NAME:Aldo
NAME:Alec
NAME:Alejandro
NAME:Alexander
NAME:Alexis
NAME:Alfie
NAME:Alfonso
NAME:Alfred
NAME:Alfredo
NAME:Ali
NAME:Alijah
NAME:Alonso
NAME:Alvaro
NAME:Alvin
NAME:Amare
NAME:Amari
NAME:Ameer
NAME:Amos
NAME:Anders
NAME:Anderson
NAME:Andre
NAME:Andres
NAME:Andrew
NAME:Angel
NAME:Angelo
NAME:Anson
NAME:Anthony
NAME:Antoine
NAME:Anton
NAME:Antonio
NAME:Apollo
NAME:Archer
NAME:Arden
NAME:Ari
NAME:Arian
NAME:Ariel
NAME:Arlo
NAME:Armando
NAME:Armani
NAME:Arnav
NAME:Arthur
NAME:Arturo
NAME:Asa
NAME:Asher
NAME:Ashton
NAME:Atticus
NAME:August
NAME:Augustine
NAME:Augustus
NAME:Austin
NAME:Avery
NAME:Axel
NAME:Axton
NAME:Ayaan
NAME:Barrett
NAME:Beau
NAME:Beckett
NAME:Beckham
NAME:Benjamin
NAME:Bennett
NAME:Benson
NAME:Bentley
NAME:Benton
NAME:Blaine
NAME:Blaise
NAME:Blake
NAME:Bodie
NAME:Boone
NAME:Boston
NAME:Bowen
NAME:Bradley
NAME:Brady
NAME:Brandon
NAME:Branson
NAME:Brantley
NAME:Braxton
NAME:Brayden
NAME:Braylon
NAME:Brecken